[backlogtool.com/git-tutorial/tw/index.html]
[backblue.gif]
[fade.gif]
[index.html]
[backlogtool.com/git-guide/tw/ogp_dft.png]
[backlogtool.com/git-tutorial/tw/ogp_dft.png]
[backlogtool.com/git-tutorial/tw/favicon.ico]
[backlogtool.com/git-tutorial/tw/intro/intro1_1.html]
[backlogtool.com/git-tutorial/tw/stepup/stepup1_1.html]
[backlogtool.com/git-tutorial/tw/contents/index.html]
[backlogtool.com/git-tutorial/tw/img/common/icon/ico_facebook.png]
[backlogtool.com/git-tutorial/tw/img/common/icon/ico_twitter.png]
[backlogtool.com/git-tutorial/tw/img/common/logo_backlog.png]
[ajax.googleapis.com/ajax/libs/jquery/1.10.2/jquery.min.js]
[backlogtool.com/git-tutorial/tw/js/lib/jquery.js]
[backlogtool.com/git-tutorial/tw/reference/index.html]
[backlogtool.com/git-tutorial/tw/js/jquery.config.js]
[backlogtool.com/git-tutorial/tw/index.html]
[widget.uservoice.com/Yox3591xmDUTIQiafbmDQA.js]
[backlogtool.com/git-tutorial/tw/img/common/btn_contents.png]
[backlogtool.com/git-tutorial/tw/img/common/icon/ico_repo.png]
[backlogtool.com/git-tutorial/tw/img/post/bg_sideMenu_pointer.png]
[backlogtool.com/git-tutorial/tw/img/common/btn_topLink.png]
[backlogtool.com/git-tutorial/tw/img/post/img_label_changeSystem.png]
[backlogtool.com/git-tutorial/tw/img/post/bg_subTtl.png]
[backlogtool.com/git-tutorial/tw/img/post/bg_rf_saru.png]
[backlogtool.com/git-tutorial/tw/img/common/icon/ico_help_lightgreen.png]
[backlogtool.com/git-tutorial/tw/img/post/bg_point.png]
[backlogtool.com/git-tutorial/tw/img/post/bg_check.png]
[backlogtool.com/git-tutorial/tw/img/common/icon/ico_list_white.png]
[backlogtool.com/git-tutorial/tw/img/post/bg_tips_mascot.png]
[backlogtool.com/git-tutorial/tw/img/post/ttl_tips.png]
[backlogtool.com/git-tutorial/tw/img/post/bg_note_mascot.png]
[backlogtool.com/git-tutorial/tw/img/post/ttl_note.png]
[backlogtool.com/git-tutorial/tw/img/post/bg_important.png]
[backlogtool.com/git-tutorial/tw/img/post/balloon_important.png]
[backlogtool.com/git-tutorial/tw/img/post/bg_introduce.png]
[backlogtool.com/git-tutorial/tw/img/post/bg_attention.png]
[backlogtool.com/git-tutorial/tw/img/post/ttl_column_mascot.png]
[backlogtool.com/git-tutorial/tw/img/post/btn_prev_on.png]
[backlogtool.com/git-tutorial/tw/img/post/btn_prev.png]
[backlogtool.com/git-tutorial/tw/img/post/btn_next_on.png]
[backlogtool.com/git-tutorial/tw/img/post/btn_next.png]
[backlogtool.com/git-tutorial/tw/img/common/icon/ico_arrow_l.png]
[backlogtool.com/git-tutorial/tw/img/common/icon/ico_arrow_r.png]
[backlogtool.com/git-tutorial/tw/img/common/bg_copyright_btm.png]
[backlogtool.com/git-tutorial/tw/img/common/ico_world.png]
[backlogtool.com/git-tutorial/tw/img/common/btn_langPickDown.png]
[backlogtool.com/git-tutorial/tw/img/home/img_mascot.png]
[backlogtool.com/git-tutorial/tw/img/home/ttl_home.png]
[backlogtool.com/git-tutorial/tw/img/home/btn_homeMenu01_on.png]
[backlogtool.com/git-tutorial/tw/img/home/btn_homeMenu02_on.png]
[backlogtool.com/git-tutorial/tw/img/home/btn_homeMenu03_on.png]
[backlogtool.com/git-tutorial/tw/img/home/btn_homeMenu01.png]
[backlogtool.com/git-tutorial/tw/img/home/btn_homeMenu02.png]
[backlogtool.com/git-tutorial/tw/img/home/btn_homeMenu03.png]
[backlogtool.com/git-tutorial/tw/img/home/ttl_books.png]
[backlogtool.com/git-tutorial/tw/img/home/bg_books.png]
[backlogtool.com/git-tutorial/tw/img/home/ttl_epub.png]
[backlogtool.com/git-tutorial/tw/img/home/ttl_kindle.png]
[backlogtool.com/git-tutorial/tw/img/common/icon/ico_beginner.png]
[backlogtool.com/git-tutorial/tw/img/common/icon/ico_stepup.png]
[backlogtool.com/git-tutorial/tw/img/common/icon/ico_inverted.png]
[backlogtool.com/git-tutorial/tw/img/ref/bg_hgroup_ref.png]
[backlogtool.com/git-tutorial/tw/img/ref/ttl_ref_top.png]
[backlogtool.com/git-tutorial/tw/img/common/icon/ico_circle_white.png]
[backlogtool.com/git-tutorial/tw/img/common/icon/ico_list.png]
[backlogtool.com/git-tutorial/tw/img/ref/bg_illust_basic.png]
[backlogtool.com/git-tutorial/tw/img/ref/bg_illust_branch.png]
[backlogtool.com/git-tutorial/tw/img/ref/bg_illust_tag.png]
[backlogtool.com/git-tutorial/tw/img/ref/bg_illust_remote.png]
[backlogtool.com/git-tutorial/tw/img/ref/bg_illust_config.png]
[backlogtool.com/git-tutorial/tw/img/ref/bg_illust_stash.png]
[backlogtool.com/git-tutorial/tw/img/ref/bg_illust_trouble.png]
[backlogtool.com/git-tutorial/tw/img/ref/bg_illust_ssh.png]
[backlogtool.com/git-tutorial/tw/img/ref/bg_illust_gitsvn.png]
[backlogtool.com/git-tutorial/tw/img/common/icon/ico_up.png]
[backlogtool.com/git-tutorial/tw/img/post/bg_sideMenu_arrow.png]
[backlogtool.com/git-tutorial/tw/img/post/bg_sideMenu_arrow_large.png]
[backlogtool.com/git-tutorial/tw/style.css]
[backlogtool.com/git-tutorial/tw/intro/intro1_2.html]
[backlogtool.com/git-tutorial/tw/intro/intro1_3.html]
[backlogtool.com/git-tutorial/tw/intro/intro1_4.html]
[backlogtool.com/git-tutorial/tw/intro/intro2_1.html]
[backlogtool.com/git-tutorial/tw/intro/intro2_2.html]
[backlogtool.com/git-tutorial/tw/intro/intro2_3.html]
[backlogtool.com/git-tutorial/tw/intro/intro2_4.html]
[backlogtool.com/git-tutorial/tw/intro/intro3_1.html]
[backlogtool.com/git-tutorial/tw/intro/intro3_2.html]
[backlogtool.com/git-tutorial/tw/intro/intro3_3.html]
[backlogtool.com/git-tutorial/tw/intro/intro4_1.html]
[backlogtool.com/git-tutorial/tw/intro/intro4_2.html]
[backlogtool.com/git-tutorial/tw/intro/intro4_3.html]
[backlogtool.com/git-tutorial/tw/intro/intro4_4.html]
[backlogtool.com/git-tutorial/tw/intro/intro4_5.html]
[backlogtool.com/git-tutorial/tw/intro/intro5_1.html]
[backlogtool.com/git-tutorial/tw/intro/intro5_2.html]
[backlogtool.com/git-tutorial/tw/intro/intro6_1.html]
[backlogtool.com/git-tutorial/tw/intro/intro6_2.html]
[backlogtool.com/git-tutorial/tw/stepup/stepup1_2.html]
[backlogtool.com/git-tutorial/tw/stepup/stepup1_3.html]
[backlogtool.com/git-tutorial/tw/stepup/stepup1_4.html]
[backlogtool.com/git-tutorial/tw/stepup/stepup1_5.html]
[backlogtool.com/git-tutorial/tw/stepup/stepup2_1.html]
[backlogtool.com/git-tutorial/tw/stepup/stepup2_2.html]
[backlogtool.com/git-tutorial/tw/stepup/stepup2_3.html]
[backlogtool.com/git-tutorial/tw/stepup/stepup2_4.html]
[backlogtool.com/git-tutorial/tw/stepup/stepup2_5.html]
[backlogtool.com/git-tutorial/tw/stepup/stepup2_6.html]
[backlogtool.com/git-tutorial/tw/stepup/stepup2_7.html]
[backlogtool.com/git-tutorial/tw/stepup/stepup2_8.html]
[backlogtool.com/git-tutorial/tw/stepup/stepup3_1.html]
[backlogtool.com/git-tutorial/tw/stepup/stepup3_2.html]
[backlogtool.com/git-tutorial/tw/stepup/stepup3_3.html]
[backlogtool.com/git-tutorial/tw/stepup/stepup4_1.html]
[backlogtool.com/git-tutorial/tw/stepup/stepup5_1.html]
[backlogtool.com/git-tutorial/tw/stepup/stepup5_2.html]
[backlogtool.com/git-tutorial/tw/stepup/stepup5_3.html]
[backlogtool.com/git-tutorial/tw/stepup/stepup5_4.html]
[backlogtool.com/git-tutorial/tw/stepup/stepup6_1.html]
[backlogtool.com/git-tutorial/tw/stepup/stepup6_2.html]
[backlogtool.com/git-tutorial/tw/stepup/stepup6_3.html]
[backlogtool.com/git-tutorial/tw/stepup/stepup6_4.html]
[backlogtool.com/git-tutorial/tw/stepup/stepup6_5.html]
[backlogtool.com/git-tutorial/tw/stepup/stepup6_6.html]
[backlogtool.com/git-tutorial/tw/stepup/stepup7_1.html]
[backlogtool.com/git-tutorial/tw/stepup/stepup7_2.html]
[backlogtool.com/git-tutorial/tw/stepup/stepup7_3.html]
[backlogtool.com/git-tutorial/tw/stepup/stepup7_4.html]
[backlogtool.com/git-tutorial/tw/stepup/stepup7_5.html]
[backlogtool.com/git-tutorial/tw/stepup/stepup7_6.html]
[backlogtool.com/git-tutorial/tw/stepup/stepup7_7.html]
[backlogtool.com/git-tutorial/tw/reference/basic.html]
[backlogtool.com/git-tutorial/tw/reference/branch.html]
[backlogtool.com/git-tutorial/tw/reference/tag.html]
[backlogtool.com/git-tutorial/tw/reference/ssh.html]
[backlogtool.com/git-tutorial/tw/reference/remote.html]
[backlogtool.com/git-tutorial/tw/reference/config.html]
[backlogtool.com/git-tutorial/tw/reference/stash.html]
[backlogtool.com/git-tutorial/tw/reference/git-svn.html]
[backlogtool.com/git-tutorial/tw/reference/trouble-shooting.html]
[backlogtool.com/git-tutorial/tw/contents/index.html]
[backlogtool.com/git-tutorial/tw/img/post/intro/capture_intro1_1_1.png]
[backlogtool.com/git-tutorial/tw/img/post/intro/capture_intro1_1_2.png]
[backlogtool.com/git-tutorial/tw/img/post/intro/capture_intro1_1_3.png]
[backlogtool.com/git-tutorial/tw/intro/intro1_1.html]
[backlogtool.com/git-tutorial/tw/img/post/stepup/capture_stepup1_1_1.png]
[backlogtool.com/git-tutorial/tw/img/post/stepup/capture_stepup1_1_2.png]
[backlogtool.com/git-tutorial/tw/img/post/stepup/capture_stepup1_1_3.png]
[backlogtool.com/git-tutorial/tw/stepup/stepup1_1.html]
[backlogtool.com/git-tutorial/tw/reference/log.html]
[backlogtool.com/git-tutorial/tw/reference/index.html]
[backlogtool.com/git-tutorial/tw/img/post/bg_rf_saru.html]
[backlogtool.com/git-tutorial/tw/img/common/icon/ico_help_lightgreen.html]
[backlogtool.com/git-tutorial/tw/img/common/bg_header.png]
[backlogtool.com/git-tutorial/tw/img/common/logo.png]
[backlogtool.com/git-tutorial/tw/img/post/intro/capture_intro1_2_1.png]
[backlogtool.com/git-tutorial/tw/img/post/intro/capture_intro1_2_2.png]
[backlogtool.com/git-tutorial/tw/img/post/intro/capture_intro1_2_3.png]
[backlogtool.com/git-tutorial/tw/intro/intro1_2.html]
[backlogtool.com/git-tutorial/tw/img/post/intro/capture_intro1_3_1.png]
[backlogtool.com/git-tutorial/tw/intro/intro1_3.html]
[backlogtool.com/git-tutorial/tw/img/post/intro/capture_intro1_4_1.png]
[backlogtool.com/git-tutorial/tw/intro/intro1_4.html]
[backlogtool.com/git-tutorial/tw/img/post/intro/capture_intro2_1_1_win.png]
[backlogtool.com/git-tutorial/tw/img/post/intro/capture_intro2_1_4_win.png]
[backlogtool.com/git-tutorial/tw/img/post/intro/capture_intro2_1_5_win.png]
[backlogtool.com/git-tutorial/tw/img/post/intro/capture_intro2_1_6_win.png]
[backlogtool.com/git-tutorial/tw/img/post/intro/capture_intro2_1_7_win.png]
[backlogtool.com/git-tutorial/tw/img/post/intro/capture_intro2_1_8_win.png]
[backlogtool.com/git-tutorial/tw/img/post/intro/capture_intro2_1_9_win.png]
[backlogtool.com/git-tutorial/tw/img/post/intro/capture_intro2_1_10_win.png]
[backlogtool.com/git-tutorial/tw/img/post/intro/capture_intro2_1_11_win.png]
[backlogtool.com/git-tutorial/tw/img/post/intro/capture_intro2_1_12_win.png]
[backlogtool.com/git-tutorial/tw/img/post/intro/capture_intro2_1_13_win.png]
[backlogtool.com/git-tutorial/tw/img/post/intro/capture_intro2_1_14_win.png]
[backlogtool.com/git-tutorial/tw/img/post/intro/capture_intro2_1_15_win.png]
[backlogtool.com/git-tutorial/tw/img/post/intro/capture_intro2_1_1_mac.png]
[backlogtool.com/git-tutorial/tw/img/post/intro/capture_intro2_1_1_cui.png]
[backlogtool.com/git-tutorial/tw/js/lib/select2.js]
[backlogtool.com/git-tutorial/tw/js/lib/jquery.systemSelector.js]
[backlogtool.com/git-tutorial/tw/intro/intro2_1.html]
[backlogtool.com/git-tutorial/tw/img/post/intro/capture_intro2_2_2_win.png]
[backlogtool.com/git-tutorial/tw/img/post/intro/capture_intro2_2_3_win.png]
[backlogtool.com/git-tutorial/tw/img/post/intro/capture_intro2_2_2_mac.png]
[backlogtool.com/git-tutorial/tw/img/post/intro/capture_intro2_2_3_mac.png]
[backlogtool.com/git-tutorial/tw/img/post/intro/capture_intro2_2_4_mac.png]
[backlogtool.com/git-tutorial/tw/intro/intro2_2.html]
[backlogtool.com/git-tutorial/tw/img/post/intro/capture_intro2_3_1_win.png]
[backlogtool.com/git-tutorial/tw/img/post/intro/capture_intro2_3_2_win.png]
[backlogtool.com/git-tutorial/tw/img/post/intro/capture_intro2_3_3_win.png]
[backlogtool.com/git-tutorial/tw/img/post/intro/capture_intro2_3_4_win.png]
[backlogtool.com/git-tutorial/tw/img/post/intro/capture_intro2_3_1_mac.png]
[backlogtool.com/git-tutorial/tw/img/post/intro/capture_intro2_3_2_mac.png]
[backlogtool.com/git-tutorial/tw/img/post/intro/capture_intro2_3_3_mac.png]
[backlogtool.com/git-tutorial/tw/intro/intro2_3.html]
[backlogtool.com/git-tutorial/tw/img/post/intro/capture_intro2_4_1_win.png]
[backlogtool.com/git-tutorial/tw/img/post/intro/capture_intro2_4_2_win.png]
[backlogtool.com/git-tutorial/tw/img/post/intro/capture_intro2_4_3_win.png]
[backlogtool.com/git-tutorial/tw/img/post/intro/capture_intro2_4_1_mac.png]
[backlogtool.com/git-tutorial/tw/img/post/intro/capture_intro2_4_3_mac.png]
[backlogtool.com/git-tutorial/tw/img/post/intro/capture_intro2_4_4_mac.png]
[backlogtool.com/git-tutorial/tw/img/post/intro/capture_intro2_4_1_cui.png]
[backlogtool.com/git-tutorial/tw/intro/intro2_4.html]
[backlogtool.com/git-tutorial/tw/img/post/intro/capture_intro3_1_1.png]
[backlogtool.com/git-tutorial/tw/intro/intro3_1.html]
[backlogtool.com/git-tutorial/tw/intro/intro3_2.html]
[backlogtool.com/git-tutorial/tw/img/post/intro/capture_intro3_3_1.png]
[backlogtool.com/git-tutorial/tw/intro/intro3_3.html]
[backlogtool.com/git-tutorial/tw/img/post/intro/capture_intro4_1_1.png]
[backlogtool.com/git-tutorial/tw/img/post/intro/capture_intro4_1_2.png]
[backlogtool.com/git-tutorial/tw/img/post/intro/capture_intro4_1_3.png]
[backlogtool.com/git-tutorial/tw/img/post/intro/capture_intro4_1_4.png]
[backlogtool.com/git-tutorial/tw/img/post/intro/capture_intro4_1_5.png]
[backlogtool.com/git-tutorial/tw/intro/intro4_1.html]
[backlogtool.com/git-tutorial/tw/img/post/intro/capture_intro4_2_1_win.png]
[backlogtool.com/git-tutorial/tw/img/post/intro/capture_intro4_2_2_win.png]
[backlogtool.com/git-tutorial/tw/img/post/intro/capture_intro4_2_3_win.png]
[backlogtool.com/git-tutorial/tw/img/post/intro/capture_intro4_2_4_win.png]
[backlogtool.com/git-tutorial/tw/img/post/intro/capture_intro4_2_5_win.png]
[backlogtool.com/git-tutorial/tw/img/post/intro/capture_intro4_2_6_win.png]
[backlogtool.com/git-tutorial/tw/img/post/intro/capture_intro4_2_9.png]
[backlogtool.com/git-tutorial/tw/img/post/intro/capture_intro4_2_10.png]
[backlogtool.com/git-tutorial/tw/img/post/intro/capture_intro4_2_1_mac.png]
[backlogtool.com/git-tutorial/tw/img/post/intro/capture_intro4_2_1_2_mac.png]
[backlogtool.com/git-tutorial/tw/img/post/intro/capture_intro4_2_2_mac.png]
[backlogtool.com/git-tutorial/tw/img/post/intro/capture_intro4_2_3_mac.png]
[backlogtool.com/git-tutorial/tw/img/post/intro/capture_intro4_2_4_mac.png]
[backlogtool.com/git-tutorial/tw/img/post/intro/capture_intro4_2_5_mac.png]
[backlogtool.com/git-tutorial/tw/img/post/intro/capture_intro4_2_6_mac.png]
[backlogtool.com/git-tutorial/tw/img/post/intro/capture_intro4_2_7_mac.png]
[backlogtool.com/git-tutorial/tw/img/post/intro/capture_intro4_2_8_mac.png]
[backlogtool.com/git-tutorial/tw/img/post/intro/capture_intro4_2_1_cui.png]
[backlogtool.com/git-tutorial/tw/intro/intro4_2.html]
[backlogtool.com/git-tutorial/tw/img/post/intro/capture_intro4_3_1_win.png]
[backlogtool.com/git-tutorial/tw/img/post/intro/capture_intro4_3_2_win.png]
[backlogtool.com/git-tutorial/tw/img/post/intro/capture_intro4_3_3_win.png]
[backlogtool.com/git-tutorial/tw/img/post/intro/capture_intro4_3_4_win.png]
[backlogtool.com/git-tutorial/tw/img/post/intro/capture_intro4_3_1_mac.png]
[backlogtool.com/git-tutorial/tw/img/post/intro/capture_intro4_3_2_mac.png]
[backlogtool.com/git-tutorial/tw/img/post/intro/capture_intro4_3_3_mac.png]
[backlogtool.com/git-tutorial/tw/intro/intro4_3.html]
[backlogtool.com/git-tutorial/tw/img/post/intro/capture_intro4_4_1_win.png]
[backlogtool.com/git-tutorial/tw/img/post/intro/capture_intro4_4_2_win.png]
[backlogtool.com/git-tutorial/tw/img/post/intro/capture_intro4_4_3_win.png]
[backlogtool.com/git-tutorial/tw/img/post/intro/capture_intro4_4_4_win.png]
[backlogtool.com/git-tutorial/tw/img/post/intro/capture_intro4_4_5_win.png]
[backlogtool.com/git-tutorial/tw/img/post/intro/capture_intro4_4_6.png]
[backlogtool.com/git-tutorial/tw/img/post/intro/capture_intro4_4_1_mac.png]
[backlogtool.com/git-tutorial/tw/img/post/intro/capture_intro4_4_2_mac.png]
[backlogtool.com/git-tutorial/tw/img/post/intro/capture_intro4_4_3_mac.png]
[backlogtool.com/git-tutorial/tw/img/post/intro/capture_intro4_4_4_mac.png]
[backlogtool.com/git-tutorial/tw/intro/intro4_4.html]
[backlogtool.com/git-tutorial/tw/img/post/intro/capture_intro4_5_1_win.png]
[backlogtool.com/git-tutorial/tw/img/post/intro/capture_intro4_5_2_win.png]
[backlogtool.com/git-tutorial/tw/img/post/intro/capture_intro4_5_3_win.png]
[backlogtool.com/git-tutorial/tw/img/post/intro/capture_intro4_5_4_win.png]
[backlogtool.com/git-tutorial/tw/img/post/intro/capture_intro4_5_1_mac.png]
[backlogtool.com/git-tutorial/tw/img/post/intro/capture_intro4_5_2_mac.png]
[backlogtool.com/git-tutorial/tw/img/post/intro/capture_intro4_5_3_mac.png]
[backlogtool.com/git-tutorial/tw/intro/intro4_5.html]
[backlogtool.com/git-tutorial/tw/img/post/intro/capture_intro5_1_1.png]
[backlogtool.com/git-tutorial/tw/img/post/intro/capture_intro5_1_2.png]
[backlogtool.com/git-tutorial/tw/intro/intro5_1.html]
[backlogtool.com/git-tutorial/tw/img/post/intro/capture_intro5_1_3.png]
[backlogtool.com/git-tutorial/tw/img/post/intro/capture_intro5_1_4.png]
[backlogtool.com/git-tutorial/tw/intro/intro5_2.html]
[backlogtool.com/git-tutorial/tw/img/post/intro/capture_intro6_1_1_win.png]
[backlogtool.com/git-tutorial/tw/img/post/intro/capture_intro6_1_2_win.png]
[backlogtool.com/git-tutorial/tw/img/post/intro/capture_intro6_1_3_win.png]
[backlogtool.com/git-tutorial/tw/img/post/intro/capture_intro6_1_4_win.png]
[backlogtool.com/git-tutorial/tw/img/post/intro/capture_intro6_1_1_mac.png]
[backlogtool.com/git-tutorial/tw/img/post/intro/capture_intro6_1_2_mac.png]
[backlogtool.com/git-tutorial/tw/img/post/intro/capture_intro6_1_3_mac.png]
[backlogtool.com/git-tutorial/tw/img/post/intro/capture_intro6_1_4_mac.png]
[backlogtool.com/git-tutorial/tw/intro/intro6_1.html]
[backlogtool.com/git-tutorial/tw/img/post/intro/capture_intro6_2_1_win.png]
[backlogtool.com/git-tutorial/tw/img/post/intro/capture_intro6_2_2_win.png]
[backlogtool.com/git-tutorial/tw/img/post/intro/capture_intro6_2_3_win.png]
[backlogtool.com/git-tutorial/tw/img/post/intro/capture_intro6_2_4_win.png]
[backlogtool.com/git-tutorial/tw/img/post/intro/capture_intro6_2_5_win.png]
[backlogtool.com/git-tutorial/tw/img/post/img_modified_mascot.png]
[backlogtool.com/git-tutorial/tw/img/post/intro/capture_intro6_2_6_win.png]
[backlogtool.com/git-tutorial/tw/img/post/intro/capture_intro6_2_1_mac.png]
[backlogtool.com/git-tutorial/tw/img/post/intro/capture_intro6_2_2_mac.png]
[backlogtool.com/git-tutorial/tw/img/post/intro/capture_intro6_2_3_mac.png]
[backlogtool.com/git-tutorial/tw/img/post/intro/capture_intro6_2_4_mac.png]
[backlogtool.com/git-tutorial/tw/intro/intro6_2.html]
[backlogtool.com/git-tutorial/tw/img/post/stepup/capture_stepup1_2_1.png]
[backlogtool.com/git-tutorial/tw/stepup/stepup1_2.html]
[backlogtool.com/git-tutorial/tw/img/post/stepup/capture_stepup1_3_1.png]
[backlogtool.com/git-tutorial/tw/img/post/stepup/capture_stepup1_3_2.png]
[backlogtool.com/git-tutorial/tw/img/post/stepup/capture_stepup1_3_3.png]
[backlogtool.com/git-tutorial/tw/stepup/stepup1_3.html]
[backlogtool.com/git-tutorial/tw/img/post/stepup/capture_stepup1_4_1.png]
[backlogtool.com/git-tutorial/tw/img/post/stepup/capture_stepup1_4_2.png]
[backlogtool.com/git-tutorial/tw/img/post/stepup/capture_stepup1_4_3.png]
[backlogtool.com/git-tutorial/tw/img/post/stepup/capture_stepup1_4_4.png]
[backlogtool.com/git-tutorial/tw/img/post/stepup/capture_stepup1_4_5.png]
[backlogtool.com/git-tutorial/tw/img/post/stepup/capture_stepup1_4_6.png]
[backlogtool.com/git-tutorial/tw/img/post/stepup/capture_stepup1_4_7.png]
[backlogtool.com/git-tutorial/tw/img/post/stepup/capture_stepup1_4_8.png]
[backlogtool.com/git-tutorial/tw/img/post/stepup/capture_stepup1_4_9.png]
[backlogtool.com/git-tutorial/tw/stepup/stepup1_4.html]
[backlogtool.com/git-tutorial/tw/img/post/stepup/capture_stepup1_5_1.png]
[backlogtool.com/git-tutorial/tw/img/post/stepup/capture_stepup1_5_2.png]
[backlogtool.com/git-tutorial/tw/img/post/stepup/capture_stepup1_5_3.png]
[backlogtool.com/git-tutorial/tw/img/post/stepup/capture_stepup1_5_4.png]
[backlogtool.com/git-tutorial/tw/img/post/stepup/capture_stepup1_5_5.png]
[backlogtool.com/git-tutorial/tw/stepup/stepup1_5.html]
[backlogtool.com/git-tutorial/tw/img/post/stepup/capture_stepup1_5_6.png]
[backlogtool.com/git-tutorial/tw/img/post/stepup/capture_stepup2_1_1.png]
[backlogtool.com/git-tutorial/tw/stepup/stepup2_1.html]
[backlogtool.com/git-tutorial/tw/img/post/stepup/capture_stepup2_2_1.png]
[backlogtool.com/git-tutorial/tw/stepup/stepup2_2.html]
[backlogtool.com/git-tutorial/tw/img/post/stepup/capture_stepup2_3_1.png]
[backlogtool.com/git-tutorial/tw/img/post/stepup/capture_stepup2_3_2.png]
[backlogtool.com/git-tutorial/tw/stepup/stepup2_3.html]
[backlogtool.com/git-tutorial/tw/img/post/stepup/capture_stepup2_4_1.png]
[backlogtool.com/git-tutorial/tw/stepup/stepup2_4.html]
[backlogtool.com/git-tutorial/tw/img/post/stepup/capture_stepup2_5_1.png]
[backlogtool.com/git-tutorial/tw/stepup/stepup2_5.html]
[backlogtool.com/git-tutorial/tw/img/post/stepup/capture_stepup2_6_1.png]
[backlogtool.com/git-tutorial/tw/img/post/stepup/capture_stepup2_6_2.png]
[backlogtool.com/git-tutorial/tw/img/post/stepup/capture_stepup2_6_3.png]
[backlogtool.com/git-tutorial/tw/stepup/stepup2_6.html]
[backlogtool.com/git-tutorial/tw/img/post/stepup/capture_stepup2_7_1.png]
[backlogtool.com/git-tutorial/tw/img/post/stepup/capture_stepup2_7_2.png]
[backlogtool.com/git-tutorial/tw/stepup/stepup2_7.html]
[backlogtool.com/git-tutorial/tw/img/post/stepup/capture_stepup2_8_1_1.png]
[backlogtool.com/git-tutorial/tw/img/post/stepup/capture_stepup2_8_1.png]
[backlogtool.com/git-tutorial/tw/img/post/stepup/capture_stepup2_8_2.png]
[backlogtool.com/git-tutorial/tw/stepup/stepup2_8.html]
[backlogtool.com/git-tutorial/tw/img/post/stepup/capture_stepup3_1_1.png]
[backlogtool.com/git-tutorial/tw/img/post/stepup/capture_stepup3_1_2.png]
[backlogtool.com/git-tutorial/tw/img/post/stepup/capture_stepup3_1_3.png]
[backlogtool.com/git-tutorial/tw/img/post/stepup/capture_stepup3_1_4.png]
[backlogtool.com/git-tutorial/tw/stepup/stepup3_1.html]
[backlogtool.com/git-tutorial/tw/img/post/stepup/capture_stepup3_2_1.png]
[backlogtool.com/git-tutorial/tw/img/post/stepup/capture_stepup3_2_2.png]
[backlogtool.com/git-tutorial/tw/stepup/stepup3_2.html]
[backlogtool.com/git-tutorial/tw/img/post/stepup/capture_stepup3_3_1.png]
[backlogtool.com/git-tutorial/tw/stepup/stepup3_3.html]
[backlogtool.com/git-tutorial/tw/img/post/stepup/capture_stepup4_1_1.png]
[backlogtool.com/git-tutorial/tw/stepup/stepup4_1.html]
[backlogtool.com/git-tutorial/tw/img/post/stepup/capture_stepup5_1_1.png]
[backlogtool.com/git-tutorial/tw/stepup/stepup5_1.html]
[backlogtool.com/git-tutorial/tw/img/post/stepup/capture_stepup5_2_1.png]
[backlogtool.com/git-tutorial/tw/stepup/stepup5_2.html]
[backlogtool.com/git-tutorial/tw/img/post/stepup/capture_stepup5_3_1.png]
[backlogtool.com/git-tutorial/tw/stepup/stepup5_3.html]
[backlogtool.com/git-tutorial/tw/img/post/stepup/capture_stepup5_4_1.png]
[backlogtool.com/git-tutorial/tw/stepup/stepup5_4.html]
[backlogtool.com/git-tutorial/tw/img/common/icon/ico_star.png]
[backlogtool.com/git-tutorial/tw/img/post/stepup/capture_stepup6_1_1.png]
[backlogtool.com/git-tutorial/tw/stepup/stepup6_1.html]
[backlogtool.com/git-tutorial/tw/img/post/stepup/capture_stepup6_2_1.png]
[backlogtool.com/git-tutorial/tw/img/post/stepup/capture_stepup6_2_2.png]
[backlogtool.com/git-tutorial/tw/stepup/stepup6_2.html]
[backlogtool.com/git-tutorial/tw/img/post/stepup/capture_stepup6_3_1.png]
[backlogtool.com/git-tutorial/tw/img/post/stepup/capture_stepup6_3_2.png]
[backlogtool.com/git-tutorial/tw/stepup/stepup6_3.html]
[backlogtool.com/git-tutorial/tw/img/post/stepup/capture_stepup6_4_2.png]
[backlogtool.com/git-tutorial/tw/stepup/stepup6_4.html]
[backlogtool.com/git-tutorial/tw/img/post/stepup/capture_stepup6_5_1.png]
[backlogtool.com/git-tutorial/tw/img/post/stepup/capture_stepup6_5_2.png]
[backlogtool.com/git-tutorial/tw/img/post/stepup/capture_stepup6_5_3.png]
[backlogtool.com/git-tutorial/tw/stepup/stepup6_5.html]
[backlogtool.com/git-tutorial/tw/img/post/stepup/capture_stepup6_6_1.png]
[backlogtool.com/git-tutorial/tw/img/post/stepup/capture_stepup6_6_2.png]
[backlogtool.com/git-tutorial/tw/stepup/stepup6_6.html]
[backlogtool.com/git-tutorial/tw/download/stepup-tutorial.zip]
[backlogtool.com/git-tutorial/tw/img/post/stepup/capture_stepup7_1_1.png]
[backlogtool.com/git-tutorial/tw/img/post/stepup/capture_stepup7_1_2.png]
[backlogtool.com/git-tutorial/tw/stepup/stepup7_1.html]
[backlogtool.com/git-tutorial/tw/img/post/stepup/capture_stepup7_2_1.png]
[backlogtool.com/git-tutorial/tw/img/post/stepup/capture_stepup7_2_2.png]
[backlogtool.com/git-tutorial/tw/stepup/stepup7_2.html]
[backlogtool.com/git-tutorial/tw/img/post/stepup/capture_stepup7_3_1.png]
[backlogtool.com/git-tutorial/tw/img/post/stepup/capture_stepup7_3_2.png]
[backlogtool.com/git-tutorial/tw/stepup/stepup7_3.html]
[backlogtool.com/git-tutorial/tw/img/post/stepup/capture_stepup7_4_1.png]
[backlogtool.com/git-tutorial/tw/stepup/stepup7_4.html]
[backlogtool.com/git-tutorial/tw/img/post/stepup/capture_stepup7_5_1.png]
[backlogtool.com/git-tutorial/tw/img/post/stepup/capture_stepup7_5_2.png]
[backlogtool.com/git-tutorial/tw/stepup/stepup7_5.html]
[backlogtool.com/git-tutorial/tw/img/post/stepup/capture_stepup7_6_1.png]
[backlogtool.com/git-tutorial/tw/stepup/stepup7_6.html]
[backlogtool.com/git-tutorial/tw/img/post/stepup/capture_stepup7_7_1.png]
[backlogtool.com/git-tutorial/tw/stepup/stepup7_7.html]
[backlogtool.com/git-tutorial/tw/js/reference.js]
[backlogtool.com/git-tutorial/tw/reference/basic.html]
[backlogtool.com/git-tutorial/tw/reference/branch.html]
[backlogtool.com/git-tutorial/tw/reference/tag.html]
[backlogtool.com/git-tutorial/tw/img/ref/ssh/capture_ssh_1_1_win.png]
[backlogtool.com/git-tutorial/tw/img/ref/ssh/capture_ssh_1_2_win.png]
[backlogtool.com/git-tutorial/tw/img/ref/ssh/capture_ssh_1_3_win.png]
[backlogtool.com/git-tutorial/tw/img/ref/ssh/capture_ssh_1_4_win.png]
[backlogtool.com/git-tutorial/tw/img/ref/ssh/capture_ssh_1_5_win.png]
[backlogtool.com/git-tutorial/tw/img/ref/ssh/capture_ssh_2_1.png]
[backlogtool.com/git-tutorial/tw/img/ref/ssh/capture_ssh_2_2.png]
[backlogtool.com/git-tutorial/tw/img/ref/ssh/capture_ssh_2_3.png]
[backlogtool.com/git-tutorial/tw/reference/ssh.html]
[backlogtool.com/git-tutorial/tw/reference/remote.html]
[backlogtool.com/git-tutorial/tw/reference/config.html]
[backlogtool.com/git-tutorial/tw/reference/stash.html]
[backlogtool.com/git-tutorial/tw/reference/git-svn.html]
[backlogtool.com/git-tutorial/tw/reference/trouble-shooting.html]
[www.googletagmanager.com/gtm5445.html]
[backlogtool.com/git-tutorial/tw/reference/log.html]
[backlogtool.com/git-tutorial/tw/css/select2/select2.png]
[backlogtool.com/git-tutorial/tw/css/select2/spinner.gif]
[backlogtool.com/git-tutorial/tw/css/select2/select2.css]
[backlogtool.com/git-tutorial/tw/img/post/intro/capture_intro2_4_2_mac.png]
[backlogtool.com/git-tutorial/tw/img/post/stepup/capture_stepup6_4_1.png]
